// Jest Snapshot v1, https://goo.gl/fbAQLP

exports[`should render edit form 1`] = `
<div>
  <div
    className="page-header"
  >
    <div
      className="content-container"
    >
      <h1
        className="page-header__title"
      >
        Edit Expense
      </h1>
    </div>
  </div>
  <div
    className="content-container"
  >
    <ExpenseForm
      expense={
        Object {
          "createdAt": "-345600000",
          "description": "Gaz Bisssll",
          "id": "2",
          "note": "",
          "price": 25000,
          "square": "",
        }
      }
      onSubmit={[Function]}
    />
    <button
      className="button button--secondary"
      onClick={[Function]}
    >
      Remove Expense
    </button>
  </div>
</div>
`;
