// Jest Snapshot v1, https://goo.gl/fbAQLP

exports[`expense list item 1`] = `
<li>
  <Link
    to="/edit/2"
  >
    Description : 
    Gaz Bisssll
  </Link>
  - Price : 
  $25,000.00
   - createdAt : 
  Invalid date
</li>
`;
